venv\Scripts\python : 
Creating test 
database for alias 
'default'...
At line:1 char:1
+ venv\Scripts\python 
manage.py test 
payroll > 
test_output.txt 2>&1
+ ~~~~~~~~~~~~~~~~~~~~
~~~~~~~~~~~~~~~~~~~~~~
~~~~~~~~~~~~~~~~~~~~~~
~
    + CategoryInfo    
          : NotSpeci  
  fied: (Creating t   
 est d...as 'defau    
lt'...:String) []    
, RemoteException
    + FullyQualifiedE 
   rrorId : NativeCo  
  mmandError
 

E
======================
======================
======================
====
ERROR: test_payroll_ca
lculation_formulas (pa
yroll.tests.PayrollLog
icTestCase.test_payrol
l_calculation_formulas
)
Verify that formulas 
are calculated 
correctly.
----------------------
----------------------
----------------------
----
Traceback (most 
recent call last):
  File 
"D:\Project\Payroll 
Management System\univ
ersal-payroll-system\v
env\Lib\site-packages\
django\db\backends\uti
ls.py", line 105, in 
_execute
    return self.cursor
.execute(sql, params)
           ^^^^^^^^^^^
^^^^^^^^^^^^^^^^^^^^^
  File 
"D:\Project\Payroll 
Management System\univ
ersal-payroll-system\v
env\Lib\site-packages\
django\db\backends\sql
ite3\base.py", line 
359, in execute
    return super().exe
cute(query, params)
           ^^^^^^^^^^^
^^^^^^^^^^^^^^^^^^^
sqlite3.IntegrityError
: NOT NULL constraint 
failed: payroll_employ
eesalarystructure.amou
nt

The above exception 
was the direct cause 
of the following 
exception:

Traceback (most 
recent call last):
  File 
"D:\Project\Payroll 
Management System\univ
ersal-payroll-system\p
ayroll\tests.py", 
line 51, in setUp
    EmployeeSalaryStru
cture.objects.create(e
mployee=self.employee,
 component=self.hra)
  File 
"D:\Project\Payroll 
Management System\univ
ersal-payroll-system\v
env\Lib\site-packages\
django\db\models\manag
er.py", line 87, in 
manager_method
    return getattr(sel
f.get_queryset(), 
name)(*args, **kwargs)
           ^^^^^^^^^^^
^^^^^^^^^^^^^^^^^^^^^^
^^^^^^^^^^^^^^^^^^
  File 
"D:\Project\Payroll 
Management System\univ
ersal-payroll-system\v
env\Lib\site-packages\
django\db\models\query
.py", line 669, in 
create
    obj.save(force_ins
ert=True, 
using=self.db)
  File 
"D:\Project\Payroll 
Management System\univ
ersal-payroll-system\v
env\Lib\site-packages\
django\db\models\base.
py", line 874, in save
    self.save_base(
  File 
"D:\Project\Payroll 
Management System\univ
ersal-payroll-system\v
env\Lib\site-packages\
django\db\models\base.
py", line 966, in 
save_base
    updated = 
self._save_table(
              
^^^^^^^^^^^^^^^^^
  File 
"D:\Project\Payroll 
Management System\univ
ersal-payroll-system\v
env\Lib\site-packages\
django\db\models\base.
py", line 1167, in 
_save_table
    results = 
self._do_insert(
              
^^^^^^^^^^^^^^^^
  File 
"D:\Project\Payroll 
Management System\univ
ersal-payroll-system\v
env\Lib\site-packages\
django\db\models\base.
py", line 1218, in 
_do_insert
    return 
manager._insert(
           
^^^^^^^^^^^^^^^^
  File 
"D:\Project\Payroll 
Management System\univ
ersal-payroll-system\v
env\Lib\site-packages\
django\db\models\manag
er.py", line 87, in 
manager_method
    return getattr(sel
f.get_queryset(), 
name)(*args, **kwargs)
           ^^^^^^^^^^^
^^^^^^^^^^^^^^^^^^^^^^
^^^^^^^^^^^^^^^^^^
  File 
"D:\Project\Payroll 
Management System\univ
ersal-payroll-system\v
env\Lib\site-packages\
django\db\models\query
.py", line 1918, in 
_insert
    return query.get_c
ompiler(using=using).e
xecute_sql(returning_f
ields)
           ^^^^^^^^^^^
^^^^^^^^^^^^^^^^^^^^^^
^^^^^^^^^^^^^^^^^^^^^^
^^^^^^
  File 
"D:\Project\Payroll 
Management System\univ
ersal-payroll-system\v
env\Lib\site-packages\
django\db\models\sql\c
ompiler.py", line 
1925, in execute_sql
    
cursor.execute(sql, 
params)
  File 
"D:\Project\Payroll 
Management System\univ
ersal-payroll-system\v
env\Lib\site-packages\
django\db\backends\uti
ls.py", line 79, in 
execute
    return self._execu
te_with_wrappers(
           ^^^^^^^^^^^
^^^^^^^^^^^^^^^^^
  File 
"D:\Project\Payroll 
Management System\univ
ersal-payroll-system\v
env\Lib\site-packages\
django\db\backends\uti
ls.py", line 92, in 
_execute_with_wrappers
    return 
executor(sql, params, 
many, context)
           ^^^^^^^^^^^
^^^^^^^^^^^^^^^^^^^^^^
^^^
  File 
"D:\Project\Payroll 
Management System\univ
ersal-payroll-system\v
env\Lib\site-packages\
django\db\backends\uti
ls.py", line 100, in 
_execute
    with self.db.wrap_
database_errors:
         ^^^^^^^^^^^^^
^^^^^^^^^^^^^^^
  File 
"D:\Project\Payroll 
Management System\univ
ersal-payroll-system\v
env\Lib\site-packages\
django\db\utils.py", 
line 94, in __exit__
    raise dj_exc_value
.with_traceback(traceb
ack) from exc_value
  File 
"D:\Project\Payroll 
Management System\univ
ersal-payroll-system\v
env\Lib\site-packages\
django\db\backends\uti
ls.py", line 105, in 
_execute
    return self.cursor
.execute(sql, params)
           ^^^^^^^^^^^
^^^^^^^^^^^^^^^^^^^^^
  File 
"D:\Project\Payroll 
Management System\univ
ersal-payroll-system\v
env\Lib\site-packages\
django\db\backends\sql
ite3\base.py", line 
359, in execute
    return super().exe
cute(query, params)
           ^^^^^^^^^^^
^^^^^^^^^^^^^^^^^^^
django.db.utils.Integr
ityError: NOT NULL 
constraint failed: pay
roll_employeesalarystr
ucture.amount

----------------------
----------------------
----------------------
----
Ran 1 test in 0.012s

FAILED (errors=1)
Destroying test 
database for alias 
'default'...

Found 1 test(s).
System check identified no issues (0 silenced).
